<testsuites id="" name="" tests="6" failures="0" skipped="0" errors="0" time="66.975515">
<testsuite name="security.spec.ts" timestamp="2026-01-16T23:36:47.288Z" hostname="chromium" tests="2" failures="0" skipped="0" time="10.569" errors="0">
<testcase name="🛡️ Safe Space &amp; Security › Unauthenticated user is redirected from Dashboard to Signin" classname="security.spec.ts" time="5.146">
</testcase>
<testcase name="🛡️ Safe Space &amp; Security › Unauthenticated user is redirected from Cockpit/DVP to Signin" classname="security.spec.ts" time="5.423">
</testcase>
</testsuite>
<testsuite name="security.spec.ts" timestamp="2026-01-16T23:36:47.288Z" hostname="firefox" tests="2" failures="0" skipped="0" time="17.076" errors="0">
<testcase name="🛡️ Safe Space &amp; Security › Unauthenticated user is redirected from Dashboard to Signin" classname="security.spec.ts" time="10.082">
</testcase>
<testcase name="🛡️ Safe Space &amp; Security › Unauthenticated user is redirected from Cockpit/DVP to Signin" classname="security.spec.ts" time="6.994">
</testcase>
</testsuite>
<testsuite name="security.spec.ts" timestamp="2026-01-16T23:36:47.288Z" hostname="webkit" tests="2" failures="0" skipped="0" time="5.719" errors="0">
<testcase name="🛡️ Safe Space &amp; Security › Unauthenticated user is redirected from Dashboard to Signin" classname="security.spec.ts" time="3.111">
</testcase>
<testcase name="🛡️ Safe Space &amp; Security › Unauthenticated user is redirected from Cockpit/DVP to Signin" classname="security.spec.ts" time="2.608">
</testcase>
</testsuite>
</testsuites>